{
    "cram": {
        "content": [
            [
                [
                    {
                        "id": "test",
                        "single_end": false
                    },
                    "test.sorted.bam:md5,21c992d59615936b99f2ad008aa54400"
                ]
            ]
        ],
        "meta": {
            "nf-test": "0.8.4",
            "nextflow": "24.04.2"
        },
        "timestamp": "2024-05-31T08:13:54.512837189"
    },
    "bam_stub_bam": {
        "content": [
            "test.sorted.bam"
        ],
        "meta": {
            "nf-test": "0.8.4",
            "nextflow": "24.04.2"
        },
        "timestamp": "2024-05-31T07:29:00.761845507"
    },
    "test_cram": {
        "content": [
            [
                [
                    {
                        "id": "test",
                        "single_end": false
                    },
                    "test.sorted.bam:md5,b56ba3eca3dbcc9d5a907938e043dc03"
                ]
            ],
            [
                [
                    {
                        "id": "test",
                        "single_end": false
                    },
                    "test.sorted.bam.csi"
                ]
            ]
        ],
        "meta": {
            "nf-test": "0.8.4",
            "nextflow": "24.04.2"
        },
        "timestamp": "2025-02-28T16:13:32.798324173"
    },
    "test_bam": {
        "content": [
            [
                [
                    {
                        "id": "test",
                        "single_end": false
                    },
                    "test.sorted.bam:md5,2759112c4b19ffd635c414d548b389be"
                ]
            ],
            [
                [
                    {
                        "id": "test",
                        "single_end": false
                    },
                    "test.sorted.bam.csi"
                ]
            ]
        ],
        "meta": {
            "nf-test": "0.8.4",
            "nextflow": "24.04.2"
        },
        "timestamp": "2025-02-28T16:13:12.158851863"
    },
    "bam_stub_versions": {
        "content": [
            [
                "versions.yml:md5,7a360de20e1d7a6f15a5e8fbe0a9c062"
            ]
        ],
        "meta": {
            "nf-test": "0.8.4",
            "nextflow": "24.04.2"
        },
        "timestamp": "2024-05-31T07:29:00.765038811"
    },
    "bam": {
        "content": [
            [
                [
                    {
                        "id": "test",
                        "single_end": false
                    },
                    "test.sorted.bam:md5,21c992d59615936b99f2ad008aa54400"
                ]
            ]
        ],
        "meta": {
            "nf-test": "0.8.4",
            "nextflow": "24.04.2"
        },
        "timestamp": "2024-05-31T08:13:48.538030517"
    }
}