{
    "versions": {
        "content": [
            [
                "versions.yml:md5,568d243174c081a0301e74ed42e59b48"
            ]
        ],
        "meta": {
            "nf-test": "0.8.4",
            "nextflow": "24.04.2"
        },
        "timestamp": "2025-03-10T14:54:27.015386228"
    }
}