{
    "Should run without failures - prefix - stub": {
        "content": [
            {
                "0": [
                    [
                        {
                            "id": "test"
                        },
                        "test_test.xyz.fastq:md5,d41d8cd98f00b204e9800998ecf8427e"
                    ]
                ],
                "1": [
                    "versions.yml:md5,54376d32aca20e937a4ec26dac228e84"
                ],
                "gunzip": [
                    [
                        {
                            "id": "test"
                        },
                        "test_test.xyz.fastq:md5,d41d8cd98f00b204e9800998ecf8427e"
                    ]
                ],
                "versions": [
                    "versions.yml:md5,54376d32aca20e937a4ec26dac228e84"
                ]
            }
        ],
        "meta": {
            "nf-test": "0.8.4",
            "nextflow": "24.04.2"
        },
        "timestamp": "2025-03-10T14:04:51.494466704"
    },
    "Should run without failures - stub": {
        "content": [
            {
                "0": [
                    [
                        [
                            
                        ],
                        "[]_test_1.fastq:md5,d41d8cd98f00b204e9800998ecf8427e"
                    ]
                ],
                "1": [
                    "versions.yml:md5,54376d32aca20e937a4ec26dac228e84"
                ],
                "gunzip": [
                    [
                        [
                            
                        ],
                        "[]_test_1.fastq:md5,d41d8cd98f00b204e9800998ecf8427e"
                    ]
                ],
                "versions": [
                    "versions.yml:md5,54376d32aca20e937a4ec26dac228e84"
                ]
            }
        ],
        "meta": {
            "nf-test": "0.8.4",
            "nextflow": "24.04.2"
        },
        "timestamp": "2025-03-10T14:04:31.298557687"
    },
    "Should run without failures": {
        "content": [
            {
                "0": [
                    [
                        [
                            
                        ],
                        "[]_test_1.fastq:md5,4161df271f9bfcd25d5845a1e220dbec"
                    ]
                ],
                "1": [
                    "versions.yml:md5,54376d32aca20e937a4ec26dac228e84"
                ],
                "gunzip": [
                    [
                        [
                            
                        ],
                        "[]_test_1.fastq:md5,4161df271f9bfcd25d5845a1e220dbec"
                    ]
                ],
                "versions": [
                    "versions.yml:md5,54376d32aca20e937a4ec26dac228e84"
                ]
            }
        ],
        "meta": {
            "nf-test": "0.8.4",
            "nextflow": "24.04.2"
        },
        "timestamp": "2025-03-10T14:03:43.516755037"
    },
    "Should run without failures - prefix": {
        "content": [
            {
                "0": [
                    [
                        {
                            "id": "test"
                        },
                        "test_test.xyz.fastq:md5,4161df271f9bfcd25d5845a1e220dbec"
                    ]
                ],
                "1": [
                    "versions.yml:md5,54376d32aca20e937a4ec26dac228e84"
                ],
                "gunzip": [
                    [
                        {
                            "id": "test"
                        },
                        "test_test.xyz.fastq:md5,4161df271f9bfcd25d5845a1e220dbec"
                    ]
                ],
                "versions": [
                    "versions.yml:md5,54376d32aca20e937a4ec26dac228e84"
                ]
            }
        ],
        "meta": {
            "nf-test": "0.8.4",
            "nextflow": "24.04.2"
        },
        "timestamp": "2025-03-10T14:04:10.422723845"
    }
}